// Jest Snapshot v1, https://goo.gl/fbAQLP

exports[`TextareaInput Snapshots shows component with a label 1`] = `
<div
  className="sc-bdVaJa jGgciL"
>
  <textarea
    className="sc-bwzfXH ddUNhN"
    disabled={undefined}
    id="Name"
    name="Name"
    onBlur={[Function]}
    onFocus={[Function]}
  />
  <label
    className="sc-htpNat kahHcM"
    htmlFor="Name"
    open={false}
  >
    test label
  </label>
  <div
    className="sc-bxivhb dWaEaW"
  />
</div>
`;
